// Jest Snapshot v1, https://goo.gl/fbAQLP

exports[`Examine Landing Component matches snapshot 1`] = `
<DocumentFragment>
  <div
    class="bg-white flex flex-col font-sans"
  >
    <div
      class="container mx-auto px-8"
    >
      <header
        class="flex flex-col sm:flex-row md:items-center justify-between py-6 relative"
      >
        <h3
          class="text-2xl font-bold uppercase text-blue-900"
          data-testid="title"
        >
          Kreativv Bookmark
        </h3>
        <nav
          class="hidden md:flex text-lg"
        >
          <a
            href="/login"
          >
            <p
              class="text-indigo-600 hover:bg-purple-300 font-bold py-3 px-6 border border-indigo-600 rounded-full mx-6"
              data-testid="login_button"
            >
              Login
            </p>
          </a>
          <a
            href="/register"
          >
            <p
              class="bg-purple-200 hover:bg-purple-300 rounded-full text-indigo-600 py-3 px-6"
              data-testid="register_button"
            >
              Register
            </p>
          </a>
        </nav>
        <button
          class="flex md:hidden flex-col absolute top-0 right-0 p-4 mt-5"
        >
          <span
            class="w-5 h-px mb-1 bg-orange-500"
          />
          <span
            class="w-5 h-px mb-1 bg-orange-500"
          />
          <span
            class="w-5 h-px mb-1 bg-orange-500"
          />
        </button>
      </header>
      <main
        class="flex flex-col-reverse sm:flex-row jusitfy-between items-center py-4"
      >
        <div
          class="sm:w-2/5 flex flex-col items-center sm:items-start text-center sm:text-left"
        >
          <h1
            class="uppercase text-6xl text-blue-900 font-bold leading-none tracking-wide mb-2"
          >
            Kreativv
          </h1>
          <h2
            class="uppercase text-4xl text-orange-500 text-secondary tracking-widest mb-6"
          >
            Bookmark
          </h2>
          <p
            class="text-gray-600 leading-relaxed mb-12"
          >
            Track your progress of reading books.
          </p>
          <a
            href="/login"
          >
            <p
              class="bg-purple-300 hover:bg-purple-400 py-3 px-6 uppercase text-lg font-bold text-white rounded-full"
            >
              get started
            </p>
          </a>
        </div>
        <div
          class="mb-16 sm:mb-0 mt-8 sm:mt-0 sm:w-3/5 sm:pl-12"
          data-testid="landing_image"
        >
          <img
            alt="book_reading"
            src="book_reading.svg"
          />
        </div>
      </main>
    </div>
  </div>
</DocumentFragment>
`;
