// Jest Snapshot v1, https://goo.gl/fbAQLP

exports[`Examine Home Component matches snapshot 1`] = `
<DocumentFragment>
  <div
    class="font-sans antialiased h-screen flex"
  >
    <div
      class="bg-gray-800 text-purple-300 w-24 hidden md:block"
    >
      <div
        class="flex flex-col"
      >
        <div
          class="h-12 my-4"
        >
          <p
            class="text-gray-500 text-center text-4xl"
          >
            KB
          </p>
        </div>
        <a
          class="flex flex-col text-gray-600 hover:text-gray-400 items-center my-8"
          href="/home"
        >
          <svg
            fill="currentColor"
            height="34"
            size="34"
            stroke="currentColor"
            stroke-width="0"
            viewBox="0 0 24 24"
            width="34"
            xmlns="http://www.w3.org/2000/svg"
          >
            <path
              d="M3 13h8V3H3v10zm0 8h8v-6H3v6zm10 0h8V11h-8v10zm0-18v6h8V3h-8z"
            />
          </svg>
          <p
            class="text-sm"
          >
            Dashboard
          </p>
        </a>
        <a
          class="flex flex-col text-gray-600 hover:text-gray-400 items-center my-8"
          href="/account"
        >
          <svg
            fill="currentColor"
            height="34"
            size="34"
            stroke="currentColor"
            stroke-width="0"
            viewBox="0 0 24 24"
            width="34"
            xmlns="http://www.w3.org/2000/svg"
          >
            <path
              d="M3 5v14c0 1.1.89 2 2 2h14c1.1 0 2-.9 2-2V5c0-1.1-.9-2-2-2H5c-1.11 0-2 .9-2 2zm12 4c0 1.66-1.34 3-3 3s-3-1.34-3-3 1.34-3 3-3 3 1.34 3 3zm-9 8c0-2 4-3.1 6-3.1s6 1.1 6 3.1v1H6v-1z"
            />
          </svg>
          <p
            class="text-sm"
          >
            Profile
          </p>
        </a>
        <button
          class="flex flex-col text-gray-600 hover:text-gray-400 items-center my-8"
        >
          <svg
            fill="currentColor"
            height="34"
            size="34"
            stroke="currentColor"
            stroke-width="0"
            viewBox="0 0 24 24"
            width="34"
            xmlns="http://www.w3.org/2000/svg"
          >
            <path
              d="M13 3h-2v10h2V3zm4.83 2.17l-1.42 1.42C17.99 7.86 19 9.81 19 12c0 3.87-3.13 7-7 7s-7-3.13-7-7c0-2.19 1.01-4.14 2.58-5.42L6.17 5.17C4.23 6.82 3 9.26 3 12c0 4.97 4.03 9 9 9s9-4.03 9-9c0-2.74-1.23-5.18-3.17-6.83z"
            />
          </svg>
          <p
            class="text-sm"
          >
            Log Out
          </p>
        </button>
      </div>
    </div>
  </div>
</DocumentFragment>
`;
