// Jest Snapshot v1, https://goo.gl/fbAQLP

exports[`Examine Register Component matches snapshot 1`] = `
<DocumentFragment>
  <div
    class="font-sans bg-blue-800 py-12"
  >
    <div
      class="container mx-auto"
    >
      <div
        class="flex justify-center px-6"
      >
        <div
          class="w-full xl:w-3/4 lg:w-11/12 flex shadow-lg"
        >
          <div
            class="w-full h-auto bg-yellow-400 hidden lg:block lg:w-5/12 bg-cover rounded-l-lg"
            style="background-image: url(register.svg); background-size: cover; background-position: center;"
          />
          <div
            class="w-full lg:w-7/12 bg-white p-5 rounded-lg lg:rounded-l-none"
          >
            <h3
              class="pt-4 text-4xl text-center text-blue-800"
            >
              Create an Account
            </h3>
            <form
              class="px-8 pt-6 pb-8 mb-4 bg-white rounded"
            >
              <div
                class="mb-4"
              >
                <label
                  class="block mb-2 text-sm font-bold text-gray-700"
                >
                  Full Name
                </label>
                <input
                  class="w-full px-3 py-2 text-sm leading-tight text-gray-700 border rounded shadow appearance-none focus:outline-none focus:shadow-outline"
                  id="firstName"
                  placeholder="First Name"
                  type="text"
                  value=""
                />
              </div>
              <div
                class="mb-4"
              >
                <label
                  class="block mb-2 text-sm font-bold text-gray-700"
                >
                  Email
                </label>
                <input
                  class="w-full px-3 py-2 mb-3 text-sm leading-tight text-gray-700 border rounded shadow appearance-none focus:outline-none focus:shadow-outline"
                  id="email"
                  placeholder="Email"
                  type="email"
                  value=""
                />
              </div>
              <div
                class="mb-4 md:flex md:justify-between"
              >
                <div
                  class="mb-4 md:mr-2 md:mb-0"
                >
                  <label
                    class="block mb-2 text-sm font-bold text-gray-700"
                  >
                    Password
                  </label>
                  <input
                    class="w-full px-3 py-2 mb-3 text-sm leading-tight text-gray-700 border rounded shadow appearance-none focus:outline-none focus:shadow-outline"
                    id="password"
                    placeholder="******************"
                    type="password"
                    value=""
                  />
                </div>
                <div
                  class="md:ml-2"
                >
                  <label
                    class="block mb-2 text-sm font-bold text-gray-700"
                  >
                    Confirm Password
                  </label>
                  <input
                    class="w-full px-3 py-2 mb-3 text-sm leading-tight text-gray-700 border rounded shadow appearance-none focus:outline-none focus:shadow-outline"
                    id="c_password"
                    placeholder="******************"
                    type="password"
                    value=""
                  />
                </div>
              </div>
              <div
                class="mb-6 text-center"
              >
                <button
                  class="w-full px-4 py-2 font-bold text-white bg-blue-300 rounded cursor-not-allowed"
                  disabled=""
                >
                  Register
                </button>
              </div>
              <hr
                class="mb-6 border-t"
              />
              <div
                class="text-center"
              >
                <a
                  class="inline-block text-sm text-blue-500 align-baseline hover:text-blue-800"
                  href="/password"
                >
                  Forgot Password?
                </a>
              </div>
              <div
                class="text-center"
              >
                <a
                  class="inline-block text-sm text-blue-500 align-baseline hover:text-blue-800"
                  href="/login"
                >
                  Already have an account? Login!
                </a>
              </div>
            </form>
          </div>
        </div>
      </div>
    </div>
  </div>
</DocumentFragment>
`;
