// Jest Snapshot v1, https://goo.gl/fbAQLP

exports[`Examine Login Component matches snapshot 1`] = `
<DocumentFragment>
  <div
    class="bg-blue-800 h-screen w-screen"
  >
    <div
      class="flex flex-col items-center flex-1 h-full justify-center px-4 sm:px-0"
    >
      <div
        class="flex rounded-lg shadow-lg w-full sm:w-3/4 lg:w-1/2 bg-white sm:mx-0"
        style="height: 500px;"
      >
        <div
          class="flex flex-col w-full md:w-1/2 p-4"
        >
          <div
            class="flex flex-col flex-1 justify-center mb-8"
          >
            <h1
              class="text-blue-800 text-4xl text-center"
            >
              Sign In
            </h1>
            <div
              class="w-full mt-4"
            >
              <form
                action="#"
                class="form-horizontal w-3/4 mx-auto"
                method="POST"
              >
                <div
                  class="flex flex-col mt-4"
                >
                  <label
                    class="block mb-2 text-sm font-bold text-gray-700"
                  >
                    Email
                  </label>
                  <input
                    class="flex-grow h-8 px-2 border rounded border-grey-400 shadow text-sm"
                    data-testid="email_input"
                    id="email"
                    name="email"
                    placeholder="Email"
                    required=""
                    type="email"
                    value=""
                  />
                </div>
                <div
                  class="flex flex-col mt-4"
                >
                  <label
                    class="block mb-2 text-sm font-bold text-gray-700"
                  >
                    Password
                  </label>
                  <input
                    class="flex-grow h-8 px-2 rounded border border-grey-400 shadow text-sm"
                    data-testid="password_input"
                    id="password"
                    name="password"
                    placeholder="Password"
                    required=""
                    type="password"
                    value=""
                  />
                </div>
                <div
                  class="flex flex-col mt-8"
                >
                  <button
                    class="bg-blue-500 hover:bg-blue-700 text-white text-sm font-semibold py-2 px-4 rounded"
                    type="submit"
                  >
                    Login
                  </button>
                </div>
              </form>
              <hr
                class="mb-6 border-t"
              />
              <div
                class="text-center"
              >
                <a
                  class="inline-block text-sm text-blue-500 align-baseline hover:text-blue-800"
                  href="/password"
                >
                  Forgot Password?
                </a>
              </div>
              <div
                class="text-center"
              >
                <a
                  class="inline-block text-sm text-blue-500 align-baseline hover:text-blue-800"
                  href="/register"
                >
                  Don't have an account yet? Register!
                </a>
              </div>
            </div>
          </div>
        </div>
        <div
          class="hidden md:block md:w-1/2 rounded-r-lg bg-yellow-400"
          style="background-image: url(book_reading-2.svg); background-position: center; background-size: cover;"
        />
      </div>
    </div>
  </div>
</DocumentFragment>
`;
